----------------------------------------------------------------------------------------------------
sample config:pretty print config tree
boo: 1
bar: 
    alpha: 11
    beta: 22
    gamma: 'hello'
bas: 
    rock: 'bye'
    scissors: 'hello'
    paper: ['hh', 'ii', 'jj']
cas: [[1, 2],
      [3, 4],
      [5, 6]]
dct: {'aa': 11,
      'bb': 22,
      'cc': 33}
a: 
    b: 
        c: 
            d: 
                e: 
                    f: 
                        mtx: [[42, 43, 44],
                              [11, 22, 33]]
                        g: 
                            h: 
                                i: 
                                    j: 42
            d1: 42
            d2: 
                e: 42
            d3: 42
        c1: 42

sample config: enumerated list of all paths
config.boo
config.bar
config.bar.alpha
config.bar.beta
config.bar.gamma
config.bas
config.bas.rock
config.bas.scissors
config.bas.paper
config.cas
config.dct
config.a
config.a.b
config.a.b.c
config.a.b.c.d
config.a.b.c.d.e
config.a.b.c.d.e.f
config.a.b.c.d.e.f.mtx
config.a.b.c.d.e.f.g
config.a.b.c.d.e.f.g.h
config.a.b.c.d.e.f.g.h.i
config.a.b.c.d.e.f.g.h.i.j
config.a.b.c.d1
config.a.b.c.d2
config.a.b.c.d2.e
config.a.b.c.d3
config.a.b.c1
Done
