Sample person in JSON:

{ "first name": "John",
  "last name": "Smith",
  "age": 25,
  "address": {
      "street address": "21 2nd Street",
      "city": "New York",
      "state": "NY",
      "postal code": "10021"
  },
  "phone numbers": [
      {
          "type": "home",
          "number": "212 555-1234"
      },
      {
          "type": "fax",
          "number": "646 555-4567"
      }
  ],
  "sex": {
      "type": "male"
  }
}

Sample person from TREACL:

firstName: 'John'
lastName: 'Smith'
age: 25
address: 
    streetAddress: '21 2nd Street'
    city: 'New York'
    state: 'NY'
    postalCode: '10021'
phoneNumbers: 
    type: 'home'
    number: '212 555-1234'

    type: 'fax'
    number: '646 555-4567'
sex: 
    type: 'male'

Sample person: regex filter '^.+e$' list of paths
.firstName
.lastName
.age
.address.state
.address.postalCode
.phoneNumbers[0].type
.phoneNumbers[1].type
.sex.type
