
name: 'elementary particles'
M: 
    name: 'fermions'
    M: 
        name: 'leptons'
        M: 
            name: 'neutral leptons'
            M: 
                name: 'electron neutrino'
                name: 'tau neutrino'
                name: 'muon neutrino'
            name: 'charged leptons'
            M: 
                name: 'electron'
                name: 'tau'
                name: 'muon'
            I: 
                name: 'photon'
                I: 
                    name: 'w-plus boson'
                    I: 
                    name: 'w-minus boson'
                    name: 'quarks'
                    M: 
                        name: 'up/down quarks'
                        M: 
                            name: 'up quark'
                            name: 'down quark'
                        name: 'charm strange quarks'
                        M: 
                            name: 'charm quark'
                            name: 'strange quark'
                        name: 'top/bottom quarks'
                        M: 
                            name: 'top quark'
                            name: 'bottom quark'
                    I: 
                        name: 'gluon'
                        I: 
                        name: 'higgs'
                        I: 
                            name: 'weak bosons'
                            M: 
                                name: 'z boson'
                            I: 
        I: 
    name: 'fermions'
    M: 
