REF Sample person in YAML:

apiVersion: apps/v1
kind: Deployment
metadata:
  name: rss-site
  labels:
    app: web
spec:
  replicas: 2
  selector:
    matchLabels:
      app: web
  template:
    metadata:
      labels:
        app: web
    spec:
      containers:
        - name: front-end
          image: nginx
          ports:
            - containerPort: 80
        - name: rss-reader
          image: johnsmith/rss-php-nginx:v1
          ports:
            - containerPort: 88

Sample person from TREACL:


apiVersion: 'apps/v1'
kind: 'Deployment'
metadata: 
    name: 'rss-site'
    labels: 
        app: 'web'
spec: 
    replicas: 2
    selector: 
        matchLabels: 
            app: 'web'
    template: 
        metadata: 
            labels: 
                app: 'web'
        spec: 
            containers: 
                name: 'front-end'
                image: 'nginx'
                ports: 
                    containerPort: 80

                name: 'rss-reader'
                image: 'johnsmith/rss-php-nginx:v1'
                ports: 
                    containerPort: 88
Done
